---
source: tests/api_schema.rs
expression: errors
---
The following errors occurred:

  - Type `Interface` is @inaccessible but is referenced by `Referencer1.someField`, which is in the API schema.

  - Type `Interface` is @inaccessible but is referenced by `Referencer2.someField`, which is in the API schema.
